// Jest Snapshot v1, https://goo.gl/fbAQLP

exports[`Given valid comment list, matches snapshot 1`] = `
<div
  class="getSprinkles_display_grid_mobile__1jganc9b2 getSprinkles_gap_spacing2__1jganc93v getSprinkles_gridTemplateColumns_1x_mobile__1jganc9d8"
  data-testid="tested-component"
>
  <div
    class="Card_cardStyle__1s7cia51 Card__1s7cia50 getSprinkles_padding_spacing2__1jganc94v getSprinkles_display_block_mobile__1jganc9aw getSprinkles_isolation_isolate__1jganc93j getSprinkles_textDecoration_none__1jganc9ap getSprinkles_background_neutral_secondary_base__1jganc9y getSprinkles_border_neutral_border_interactive__1jganc92g getSprinkles_borderRadius_md__1jganc92a focus_ring_styles_focusedStateStyle__1vv8g8r0"
  >
    <header>
      <div
        class="getSprinkles_fontSize_body_lg_mobile__1jganc9c5 getSprinkles_fontWeight_medium__1jganc93f"
      >
        Bob smith
         (
        test123@test.com
        )
      </div>
      <div
        class="getSprinkles_color_neutral_text_lowContrast__1jganc91u getSprinkles_fontSize_body_sm_mobile__1jganc9cb getSprinkles_fontWeight_medium__1jganc93f"
      >
        27/11/2022, 18:16:47
      </div>
    </header>
    <p>
      This is a test description
    </p>
    <hr />
    <div
      class="getSprinkles_display_flex_mobile__1jganc9az getSprinkles_alignItems_center__1jganc92 getSprinkles_justifyContent_space-between__1jganc944"
    >
      <div
        class="getSprinkles_display_flex_mobile__1jganc9az"
      >
        <div>
          <svg
            aria-hidden="true"
            class="svg-inline--fa fa-star fa-lg icon_icon__111gfxw0 getSprinkles_color_accent_text_lowContrast__1jganc91g getSprinkles_flexShrink_0__1jganc93c"
            data-icon="star"
            data-prefix="fas"
            focusable="false"
            role="img"
            viewBox="0 0 576 512"
            xmlns="http://www.w3.org/2000/svg"
          >
            <path
              d="M316.9 18C311.6 7 300.4 0 288.1 0s-23.4 7-28.8 18L195 150.3 51.4 171.5c-12 1.8-22 10.2-25.7 21.7s-.7 24.2 7.9 32.7L137.8 329 113.2 474.7c-2 12 3 24.2 12.9 31.3s23 8 33.8 2.3l128.3-68.5 128.3 68.5c10.8 5.7 23.9 4.9 33.8-2.3s14.9-19.3 12.9-31.3L438.5 329 542.7 225.9c8.6-8.5 11.7-21.2 7.9-32.7s-13.7-19.9-25.7-21.7L381.2 150.3 316.9 18z"
              fill="currentColor"
            />
          </svg>
        </div>
        <div>
          <svg
            aria-hidden="true"
            class="svg-inline--fa fa-star fa-lg icon_icon__111gfxw0 getSprinkles_color_accent_text_lowContrast__1jganc91g getSprinkles_flexShrink_0__1jganc93c"
            data-icon="star"
            data-prefix="fas"
            focusable="false"
            role="img"
            viewBox="0 0 576 512"
            xmlns="http://www.w3.org/2000/svg"
          >
            <path
              d="M316.9 18C311.6 7 300.4 0 288.1 0s-23.4 7-28.8 18L195 150.3 51.4 171.5c-12 1.8-22 10.2-25.7 21.7s-.7 24.2 7.9 32.7L137.8 329 113.2 474.7c-2 12 3 24.2 12.9 31.3s23 8 33.8 2.3l128.3-68.5 128.3 68.5c10.8 5.7 23.9 4.9 33.8-2.3s14.9-19.3 12.9-31.3L438.5 329 542.7 225.9c8.6-8.5 11.7-21.2 7.9-32.7s-13.7-19.9-25.7-21.7L381.2 150.3 316.9 18z"
              fill="currentColor"
            />
          </svg>
        </div>
        <div>
          <svg
            aria-hidden="true"
            class="svg-inline--fa fa-star fa-lg icon_icon__111gfxw0 getSprinkles_color_accent_text_lowContrast__1jganc91g getSprinkles_flexShrink_0__1jganc93c"
            data-icon="star"
            data-prefix="fas"
            focusable="false"
            role="img"
            viewBox="0 0 576 512"
            xmlns="http://www.w3.org/2000/svg"
          >
            <path
              d="M316.9 18C311.6 7 300.4 0 288.1 0s-23.4 7-28.8 18L195 150.3 51.4 171.5c-12 1.8-22 10.2-25.7 21.7s-.7 24.2 7.9 32.7L137.8 329 113.2 474.7c-2 12 3 24.2 12.9 31.3s23 8 33.8 2.3l128.3-68.5 128.3 68.5c10.8 5.7 23.9 4.9 33.8-2.3s14.9-19.3 12.9-31.3L438.5 329 542.7 225.9c8.6-8.5 11.7-21.2 7.9-32.7s-13.7-19.9-25.7-21.7L381.2 150.3 316.9 18z"
              fill="currentColor"
            />
          </svg>
        </div>
        <div>
          <svg
            aria-hidden="true"
            class="svg-inline--fa fa-star fa-lg icon_icon__111gfxw0 getSprinkles_color_accent_text_lowContrast__1jganc91g getSprinkles_flexShrink_0__1jganc93c"
            data-icon="star"
            data-prefix="fas"
            focusable="false"
            role="img"
            viewBox="0 0 576 512"
            xmlns="http://www.w3.org/2000/svg"
          >
            <path
              d="M316.9 18C311.6 7 300.4 0 288.1 0s-23.4 7-28.8 18L195 150.3 51.4 171.5c-12 1.8-22 10.2-25.7 21.7s-.7 24.2 7.9 32.7L137.8 329 113.2 474.7c-2 12 3 24.2 12.9 31.3s23 8 33.8 2.3l128.3-68.5 128.3 68.5c10.8 5.7 23.9 4.9 33.8-2.3s14.9-19.3 12.9-31.3L438.5 329 542.7 225.9c8.6-8.5 11.7-21.2 7.9-32.7s-13.7-19.9-25.7-21.7L381.2 150.3 316.9 18z"
              fill="currentColor"
            />
          </svg>
        </div>
        <div>
          <svg
            aria-hidden="true"
            class="svg-inline--fa fa-star fa-lg icon_icon__111gfxw0 getSprinkles_color_accent_text_lowContrast__1jganc91g getSprinkles_flexShrink_0__1jganc93c"
            data-icon="star"
            data-prefix="far"
            focusable="false"
            role="img"
            viewBox="0 0 576 512"
            xmlns="http://www.w3.org/2000/svg"
          >
            <path
              d="M287.9 0C297.1 0 305.5 5.25 309.5 13.52L378.1 154.8L531.4 177.5C540.4 178.8 547.8 185.1 550.7 193.7C553.5 202.4 551.2 211.9 544.8 218.2L433.6 328.4L459.9 483.9C461.4 492.9 457.7 502.1 450.2 507.4C442.8 512.7 432.1 513.4 424.9 509.1L287.9 435.9L150.1 509.1C142.9 513.4 133.1 512.7 125.6 507.4C118.2 502.1 114.5 492.9 115.1 483.9L142.2 328.4L31.11 218.2C24.65 211.9 22.36 202.4 25.2 193.7C28.03 185.1 35.5 178.8 44.49 177.5L197.7 154.8L266.3 13.52C270.4 5.249 278.7 0 287.9 0L287.9 0zM287.9 78.95L235.4 187.2C231.9 194.3 225.1 199.3 217.3 200.5L98.98 217.9L184.9 303C190.4 308.5 192.9 316.4 191.6 324.1L171.4 443.7L276.6 387.5C283.7 383.7 292.2 383.7 299.2 387.5L404.4 443.7L384.2 324.1C382.9 316.4 385.5 308.5 391 303L476.9 217.9L358.6 200.5C350.7 199.3 343.9 194.3 340.5 187.2L287.9 78.95z"
              fill="currentColor"
            />
          </svg>
        </div>
      </div>
    </div>
  </div>
  <div
    class="Card_cardStyle__1s7cia51 Card__1s7cia50 getSprinkles_padding_spacing2__1jganc94v getSprinkles_display_block_mobile__1jganc9aw getSprinkles_isolation_isolate__1jganc93j getSprinkles_textDecoration_none__1jganc9ap getSprinkles_background_neutral_secondary_base__1jganc9y getSprinkles_border_neutral_border_interactive__1jganc92g getSprinkles_borderRadius_md__1jganc92a focus_ring_styles_focusedStateStyle__1vv8g8r0"
  >
    <header>
      <div
        class="getSprinkles_fontSize_body_lg_mobile__1jganc9c5 getSprinkles_fontWeight_medium__1jganc93f"
      >
        Abelard Le Brum
         (
        aleu@over-blog.com
        )
      </div>
      <div
        class="getSprinkles_color_neutral_text_lowContrast__1jganc91u getSprinkles_fontSize_body_sm_mobile__1jganc9cb getSprinkles_fontWeight_medium__1jganc93f"
      >
        21/11/2022, 02:18:01
      </div>
    </header>
    <p>
      Nam ultrices, libero non mattis pulvinar, nulla pede ullamcorper augue, a suscipit nulla elit ac nulla. Sed vel enim sit amet nunc viverra dapibus. Nulla suscipit ligula in lacus.
    </p>
    <hr />
    <div
      class="getSprinkles_display_flex_mobile__1jganc9az getSprinkles_alignItems_center__1jganc92 getSprinkles_justifyContent_space-between__1jganc944"
    >
      <div
        class="getSprinkles_display_flex_mobile__1jganc9az"
      >
        <div>
          <svg
            aria-hidden="true"
            class="svg-inline--fa fa-star fa-lg icon_icon__111gfxw0 getSprinkles_color_accent_text_lowContrast__1jganc91g getSprinkles_flexShrink_0__1jganc93c"
            data-icon="star"
            data-prefix="fas"
            focusable="false"
            role="img"
            viewBox="0 0 576 512"
            xmlns="http://www.w3.org/2000/svg"
          >
            <path
              d="M316.9 18C311.6 7 300.4 0 288.1 0s-23.4 7-28.8 18L195 150.3 51.4 171.5c-12 1.8-22 10.2-25.7 21.7s-.7 24.2 7.9 32.7L137.8 329 113.2 474.7c-2 12 3 24.2 12.9 31.3s23 8 33.8 2.3l128.3-68.5 128.3 68.5c10.8 5.7 23.9 4.9 33.8-2.3s14.9-19.3 12.9-31.3L438.5 329 542.7 225.9c8.6-8.5 11.7-21.2 7.9-32.7s-13.7-19.9-25.7-21.7L381.2 150.3 316.9 18z"
              fill="currentColor"
            />
          </svg>
        </div>
        <div>
          <svg
            aria-hidden="true"
            class="svg-inline--fa fa-star fa-lg icon_icon__111gfxw0 getSprinkles_color_accent_text_lowContrast__1jganc91g getSprinkles_flexShrink_0__1jganc93c"
            data-icon="star"
            data-prefix="fas"
            focusable="false"
            role="img"
            viewBox="0 0 576 512"
            xmlns="http://www.w3.org/2000/svg"
          >
            <path
              d="M316.9 18C311.6 7 300.4 0 288.1 0s-23.4 7-28.8 18L195 150.3 51.4 171.5c-12 1.8-22 10.2-25.7 21.7s-.7 24.2 7.9 32.7L137.8 329 113.2 474.7c-2 12 3 24.2 12.9 31.3s23 8 33.8 2.3l128.3-68.5 128.3 68.5c10.8 5.7 23.9 4.9 33.8-2.3s14.9-19.3 12.9-31.3L438.5 329 542.7 225.9c8.6-8.5 11.7-21.2 7.9-32.7s-13.7-19.9-25.7-21.7L381.2 150.3 316.9 18z"
              fill="currentColor"
            />
          </svg>
        </div>
        <div>
          <svg
            aria-hidden="true"
            class="svg-inline--fa fa-star fa-lg icon_icon__111gfxw0 getSprinkles_color_accent_text_lowContrast__1jganc91g getSprinkles_flexShrink_0__1jganc93c"
            data-icon="star"
            data-prefix="fas"
            focusable="false"
            role="img"
            viewBox="0 0 576 512"
            xmlns="http://www.w3.org/2000/svg"
          >
            <path
              d="M316.9 18C311.6 7 300.4 0 288.1 0s-23.4 7-28.8 18L195 150.3 51.4 171.5c-12 1.8-22 10.2-25.7 21.7s-.7 24.2 7.9 32.7L137.8 329 113.2 474.7c-2 12 3 24.2 12.9 31.3s23 8 33.8 2.3l128.3-68.5 128.3 68.5c10.8 5.7 23.9 4.9 33.8-2.3s14.9-19.3 12.9-31.3L438.5 329 542.7 225.9c8.6-8.5 11.7-21.2 7.9-32.7s-13.7-19.9-25.7-21.7L381.2 150.3 316.9 18z"
              fill="currentColor"
            />
          </svg>
        </div>
        <div>
          <svg
            aria-hidden="true"
            class="svg-inline--fa fa-star fa-lg icon_icon__111gfxw0 getSprinkles_color_accent_text_lowContrast__1jganc91g getSprinkles_flexShrink_0__1jganc93c"
            data-icon="star"
            data-prefix="fas"
            focusable="false"
            role="img"
            viewBox="0 0 576 512"
            xmlns="http://www.w3.org/2000/svg"
          >
            <path
              d="M316.9 18C311.6 7 300.4 0 288.1 0s-23.4 7-28.8 18L195 150.3 51.4 171.5c-12 1.8-22 10.2-25.7 21.7s-.7 24.2 7.9 32.7L137.8 329 113.2 474.7c-2 12 3 24.2 12.9 31.3s23 8 33.8 2.3l128.3-68.5 128.3 68.5c10.8 5.7 23.9 4.9 33.8-2.3s14.9-19.3 12.9-31.3L438.5 329 542.7 225.9c8.6-8.5 11.7-21.2 7.9-32.7s-13.7-19.9-25.7-21.7L381.2 150.3 316.9 18z"
              fill="currentColor"
            />
          </svg>
        </div>
        <div>
          <svg
            aria-hidden="true"
            class="svg-inline--fa fa-star fa-lg icon_icon__111gfxw0 getSprinkles_color_accent_text_lowContrast__1jganc91g getSprinkles_flexShrink_0__1jganc93c"
            data-icon="star"
            data-prefix="fas"
            focusable="false"
            role="img"
            viewBox="0 0 576 512"
            xmlns="http://www.w3.org/2000/svg"
          >
            <path
              d="M316.9 18C311.6 7 300.4 0 288.1 0s-23.4 7-28.8 18L195 150.3 51.4 171.5c-12 1.8-22 10.2-25.7 21.7s-.7 24.2 7.9 32.7L137.8 329 113.2 474.7c-2 12 3 24.2 12.9 31.3s23 8 33.8 2.3l128.3-68.5 128.3 68.5c10.8 5.7 23.9 4.9 33.8-2.3s14.9-19.3 12.9-31.3L438.5 329 542.7 225.9c8.6-8.5 11.7-21.2 7.9-32.7s-13.7-19.9-25.7-21.7L381.2 150.3 316.9 18z"
              fill="currentColor"
            />
          </svg>
        </div>
      </div>
    </div>
  </div>
  <div
    class="Card_cardStyle__1s7cia51 Card__1s7cia50 getSprinkles_padding_spacing2__1jganc94v getSprinkles_display_block_mobile__1jganc9aw getSprinkles_isolation_isolate__1jganc93j getSprinkles_textDecoration_none__1jganc9ap getSprinkles_background_neutral_secondary_base__1jganc9y getSprinkles_border_neutral_border_interactive__1jganc92g getSprinkles_borderRadius_md__1jganc92a focus_ring_styles_focusedStateStyle__1vv8g8r0"
  >
    <header>
      <div
        class="getSprinkles_fontSize_body_lg_mobile__1jganc9c5 getSprinkles_fontWeight_medium__1jganc93f"
      >
        Enrichetta McIllrick
         (
        emcillrickl@buzzfeed.com
        )
      </div>
      <div
        class="getSprinkles_color_neutral_text_lowContrast__1jganc91u getSprinkles_fontSize_body_sm_mobile__1jganc9cb getSprinkles_fontWeight_medium__1jganc93f"
      >
        20/11/2022, 00:51:39
      </div>
    </header>
    <p>
      Aenean lectus. Pellentesque eget nunc. Donec quis orci eget orci vehicula condimentum.

Curabitur in libero ut massa volutpat convallis. Morbi odio odio, elementum eu, interdum eu, tincidunt in, leo. Maecenas pulvinar lobortis est.
    </p>
    <hr />
    <div
      class="getSprinkles_display_flex_mobile__1jganc9az getSprinkles_alignItems_center__1jganc92 getSprinkles_justifyContent_space-between__1jganc944"
    >
      <div
        class="getSprinkles_display_flex_mobile__1jganc9az"
      >
        <div>
          <svg
            aria-hidden="true"
            class="svg-inline--fa fa-star fa-lg icon_icon__111gfxw0 getSprinkles_color_accent_text_lowContrast__1jganc91g getSprinkles_flexShrink_0__1jganc93c"
            data-icon="star"
            data-prefix="fas"
            focusable="false"
            role="img"
            viewBox="0 0 576 512"
            xmlns="http://www.w3.org/2000/svg"
          >
            <path
              d="M316.9 18C311.6 7 300.4 0 288.1 0s-23.4 7-28.8 18L195 150.3 51.4 171.5c-12 1.8-22 10.2-25.7 21.7s-.7 24.2 7.9 32.7L137.8 329 113.2 474.7c-2 12 3 24.2 12.9 31.3s23 8 33.8 2.3l128.3-68.5 128.3 68.5c10.8 5.7 23.9 4.9 33.8-2.3s14.9-19.3 12.9-31.3L438.5 329 542.7 225.9c8.6-8.5 11.7-21.2 7.9-32.7s-13.7-19.9-25.7-21.7L381.2 150.3 316.9 18z"
              fill="currentColor"
            />
          </svg>
        </div>
        <div>
          <svg
            aria-hidden="true"
            class="svg-inline--fa fa-star fa-lg icon_icon__111gfxw0 getSprinkles_color_accent_text_lowContrast__1jganc91g getSprinkles_flexShrink_0__1jganc93c"
            data-icon="star"
            data-prefix="far"
            focusable="false"
            role="img"
            viewBox="0 0 576 512"
            xmlns="http://www.w3.org/2000/svg"
          >
            <path
              d="M287.9 0C297.1 0 305.5 5.25 309.5 13.52L378.1 154.8L531.4 177.5C540.4 178.8 547.8 185.1 550.7 193.7C553.5 202.4 551.2 211.9 544.8 218.2L433.6 328.4L459.9 483.9C461.4 492.9 457.7 502.1 450.2 507.4C442.8 512.7 432.1 513.4 424.9 509.1L287.9 435.9L150.1 509.1C142.9 513.4 133.1 512.7 125.6 507.4C118.2 502.1 114.5 492.9 115.1 483.9L142.2 328.4L31.11 218.2C24.65 211.9 22.36 202.4 25.2 193.7C28.03 185.1 35.5 178.8 44.49 177.5L197.7 154.8L266.3 13.52C270.4 5.249 278.7 0 287.9 0L287.9 0zM287.9 78.95L235.4 187.2C231.9 194.3 225.1 199.3 217.3 200.5L98.98 217.9L184.9 303C190.4 308.5 192.9 316.4 191.6 324.1L171.4 443.7L276.6 387.5C283.7 383.7 292.2 383.7 299.2 387.5L404.4 443.7L384.2 324.1C382.9 316.4 385.5 308.5 391 303L476.9 217.9L358.6 200.5C350.7 199.3 343.9 194.3 340.5 187.2L287.9 78.95z"
              fill="currentColor"
            />
          </svg>
        </div>
        <div>
          <svg
            aria-hidden="true"
            class="svg-inline--fa fa-star fa-lg icon_icon__111gfxw0 getSprinkles_color_accent_text_lowContrast__1jganc91g getSprinkles_flexShrink_0__1jganc93c"
            data-icon="star"
            data-prefix="far"
            focusable="false"
            role="img"
            viewBox="0 0 576 512"
            xmlns="http://www.w3.org/2000/svg"
          >
            <path
              d="M287.9 0C297.1 0 305.5 5.25 309.5 13.52L378.1 154.8L531.4 177.5C540.4 178.8 547.8 185.1 550.7 193.7C553.5 202.4 551.2 211.9 544.8 218.2L433.6 328.4L459.9 483.9C461.4 492.9 457.7 502.1 450.2 507.4C442.8 512.7 432.1 513.4 424.9 509.1L287.9 435.9L150.1 509.1C142.9 513.4 133.1 512.7 125.6 507.4C118.2 502.1 114.5 492.9 115.1 483.9L142.2 328.4L31.11 218.2C24.65 211.9 22.36 202.4 25.2 193.7C28.03 185.1 35.5 178.8 44.49 177.5L197.7 154.8L266.3 13.52C270.4 5.249 278.7 0 287.9 0L287.9 0zM287.9 78.95L235.4 187.2C231.9 194.3 225.1 199.3 217.3 200.5L98.98 217.9L184.9 303C190.4 308.5 192.9 316.4 191.6 324.1L171.4 443.7L276.6 387.5C283.7 383.7 292.2 383.7 299.2 387.5L404.4 443.7L384.2 324.1C382.9 316.4 385.5 308.5 391 303L476.9 217.9L358.6 200.5C350.7 199.3 343.9 194.3 340.5 187.2L287.9 78.95z"
              fill="currentColor"
            />
          </svg>
        </div>
        <div>
          <svg
            aria-hidden="true"
            class="svg-inline--fa fa-star fa-lg icon_icon__111gfxw0 getSprinkles_color_accent_text_lowContrast__1jganc91g getSprinkles_flexShrink_0__1jganc93c"
            data-icon="star"
            data-prefix="far"
            focusable="false"
            role="img"
            viewBox="0 0 576 512"
            xmlns="http://www.w3.org/2000/svg"
          >
            <path
              d="M287.9 0C297.1 0 305.5 5.25 309.5 13.52L378.1 154.8L531.4 177.5C540.4 178.8 547.8 185.1 550.7 193.7C553.5 202.4 551.2 211.9 544.8 218.2L433.6 328.4L459.9 483.9C461.4 492.9 457.7 502.1 450.2 507.4C442.8 512.7 432.1 513.4 424.9 509.1L287.9 435.9L150.1 509.1C142.9 513.4 133.1 512.7 125.6 507.4C118.2 502.1 114.5 492.9 115.1 483.9L142.2 328.4L31.11 218.2C24.65 211.9 22.36 202.4 25.2 193.7C28.03 185.1 35.5 178.8 44.49 177.5L197.7 154.8L266.3 13.52C270.4 5.249 278.7 0 287.9 0L287.9 0zM287.9 78.95L235.4 187.2C231.9 194.3 225.1 199.3 217.3 200.5L98.98 217.9L184.9 303C190.4 308.5 192.9 316.4 191.6 324.1L171.4 443.7L276.6 387.5C283.7 383.7 292.2 383.7 299.2 387.5L404.4 443.7L384.2 324.1C382.9 316.4 385.5 308.5 391 303L476.9 217.9L358.6 200.5C350.7 199.3 343.9 194.3 340.5 187.2L287.9 78.95z"
              fill="currentColor"
            />
          </svg>
        </div>
        <div>
          <svg
            aria-hidden="true"
            class="svg-inline--fa fa-star fa-lg icon_icon__111gfxw0 getSprinkles_color_accent_text_lowContrast__1jganc91g getSprinkles_flexShrink_0__1jganc93c"
            data-icon="star"
            data-prefix="far"
            focusable="false"
            role="img"
            viewBox="0 0 576 512"
            xmlns="http://www.w3.org/2000/svg"
          >
            <path
              d="M287.9 0C297.1 0 305.5 5.25 309.5 13.52L378.1 154.8L531.4 177.5C540.4 178.8 547.8 185.1 550.7 193.7C553.5 202.4 551.2 211.9 544.8 218.2L433.6 328.4L459.9 483.9C461.4 492.9 457.7 502.1 450.2 507.4C442.8 512.7 432.1 513.4 424.9 509.1L287.9 435.9L150.1 509.1C142.9 513.4 133.1 512.7 125.6 507.4C118.2 502.1 114.5 492.9 115.1 483.9L142.2 328.4L31.11 218.2C24.65 211.9 22.36 202.4 25.2 193.7C28.03 185.1 35.5 178.8 44.49 177.5L197.7 154.8L266.3 13.52C270.4 5.249 278.7 0 287.9 0L287.9 0zM287.9 78.95L235.4 187.2C231.9 194.3 225.1 199.3 217.3 200.5L98.98 217.9L184.9 303C190.4 308.5 192.9 316.4 191.6 324.1L171.4 443.7L276.6 387.5C283.7 383.7 292.2 383.7 299.2 387.5L404.4 443.7L384.2 324.1C382.9 316.4 385.5 308.5 391 303L476.9 217.9L358.6 200.5C350.7 199.3 343.9 194.3 340.5 187.2L287.9 78.95z"
              fill="currentColor"
            />
          </svg>
        </div>
      </div>
    </div>
  </div>
  <div
    class="Card_cardStyle__1s7cia51 Card__1s7cia50 getSprinkles_padding_spacing2__1jganc94v getSprinkles_display_block_mobile__1jganc9aw getSprinkles_isolation_isolate__1jganc93j getSprinkles_textDecoration_none__1jganc9ap getSprinkles_background_neutral_secondary_base__1jganc9y getSprinkles_border_neutral_border_interactive__1jganc92g getSprinkles_borderRadius_md__1jganc92a focus_ring_styles_focusedStateStyle__1vv8g8r0"
  >
    <header>
      <div
        class="getSprinkles_fontSize_body_lg_mobile__1jganc9c5 getSprinkles_fontWeight_medium__1jganc93f"
      >
        Lazarus Booker
         (
        lbooker1i@redcross.org
        )
      </div>
      <div
        class="getSprinkles_color_neutral_text_lowContrast__1jganc91u getSprinkles_fontSize_body_sm_mobile__1jganc9cb getSprinkles_fontWeight_medium__1jganc93f"
      >
        16/11/2022, 01:20:15
      </div>
    </header>
    <p>
      Duis aliquam convallis nunc. Proin at turpis a pede posuere nonummy. Integer non velit.

Donec diam neque, vestibulum eget, vulputate ut, ultrices vel, augue. Vestibulum ante ipsum primis in faucibus orci luctus et ultrices posuere cubilia Curae; Donec pharetra, magna vestibulum aliquet ultrices, erat tortor sollicitudin mi, sit amet lobortis sapien sapien non mi. Integer ac neque.
    </p>
    <hr />
    <div
      class="getSprinkles_display_flex_mobile__1jganc9az getSprinkles_alignItems_center__1jganc92 getSprinkles_justifyContent_space-between__1jganc944"
    >
      <div
        class="getSprinkles_display_flex_mobile__1jganc9az"
      >
        <div>
          <svg
            aria-hidden="true"
            class="svg-inline--fa fa-star fa-lg icon_icon__111gfxw0 getSprinkles_color_accent_text_lowContrast__1jganc91g getSprinkles_flexShrink_0__1jganc93c"
            data-icon="star"
            data-prefix="fas"
            focusable="false"
            role="img"
            viewBox="0 0 576 512"
            xmlns="http://www.w3.org/2000/svg"
          >
            <path
              d="M316.9 18C311.6 7 300.4 0 288.1 0s-23.4 7-28.8 18L195 150.3 51.4 171.5c-12 1.8-22 10.2-25.7 21.7s-.7 24.2 7.9 32.7L137.8 329 113.2 474.7c-2 12 3 24.2 12.9 31.3s23 8 33.8 2.3l128.3-68.5 128.3 68.5c10.8 5.7 23.9 4.9 33.8-2.3s14.9-19.3 12.9-31.3L438.5 329 542.7 225.9c8.6-8.5 11.7-21.2 7.9-32.7s-13.7-19.9-25.7-21.7L381.2 150.3 316.9 18z"
              fill="currentColor"
            />
          </svg>
        </div>
        <div>
          <svg
            aria-hidden="true"
            class="svg-inline--fa fa-star fa-lg icon_icon__111gfxw0 getSprinkles_color_accent_text_lowContrast__1jganc91g getSprinkles_flexShrink_0__1jganc93c"
            data-icon="star"
            data-prefix="fas"
            focusable="false"
            role="img"
            viewBox="0 0 576 512"
            xmlns="http://www.w3.org/2000/svg"
          >
            <path
              d="M316.9 18C311.6 7 300.4 0 288.1 0s-23.4 7-28.8 18L195 150.3 51.4 171.5c-12 1.8-22 10.2-25.7 21.7s-.7 24.2 7.9 32.7L137.8 329 113.2 474.7c-2 12 3 24.2 12.9 31.3s23 8 33.8 2.3l128.3-68.5 128.3 68.5c10.8 5.7 23.9 4.9 33.8-2.3s14.9-19.3 12.9-31.3L438.5 329 542.7 225.9c8.6-8.5 11.7-21.2 7.9-32.7s-13.7-19.9-25.7-21.7L381.2 150.3 316.9 18z"
              fill="currentColor"
            />
          </svg>
        </div>
        <div>
          <svg
            aria-hidden="true"
            class="svg-inline--fa fa-star fa-lg icon_icon__111gfxw0 getSprinkles_color_accent_text_lowContrast__1jganc91g getSprinkles_flexShrink_0__1jganc93c"
            data-icon="star"
            data-prefix="fas"
            focusable="false"
            role="img"
            viewBox="0 0 576 512"
            xmlns="http://www.w3.org/2000/svg"
          >
            <path
              d="M316.9 18C311.6 7 300.4 0 288.1 0s-23.4 7-28.8 18L195 150.3 51.4 171.5c-12 1.8-22 10.2-25.7 21.7s-.7 24.2 7.9 32.7L137.8 329 113.2 474.7c-2 12 3 24.2 12.9 31.3s23 8 33.8 2.3l128.3-68.5 128.3 68.5c10.8 5.7 23.9 4.9 33.8-2.3s14.9-19.3 12.9-31.3L438.5 329 542.7 225.9c8.6-8.5 11.7-21.2 7.9-32.7s-13.7-19.9-25.7-21.7L381.2 150.3 316.9 18z"
              fill="currentColor"
            />
          </svg>
        </div>
        <div>
          <svg
            aria-hidden="true"
            class="svg-inline--fa fa-star fa-lg icon_icon__111gfxw0 getSprinkles_color_accent_text_lowContrast__1jganc91g getSprinkles_flexShrink_0__1jganc93c"
            data-icon="star"
            data-prefix="far"
            focusable="false"
            role="img"
            viewBox="0 0 576 512"
            xmlns="http://www.w3.org/2000/svg"
          >
            <path
              d="M287.9 0C297.1 0 305.5 5.25 309.5 13.52L378.1 154.8L531.4 177.5C540.4 178.8 547.8 185.1 550.7 193.7C553.5 202.4 551.2 211.9 544.8 218.2L433.6 328.4L459.9 483.9C461.4 492.9 457.7 502.1 450.2 507.4C442.8 512.7 432.1 513.4 424.9 509.1L287.9 435.9L150.1 509.1C142.9 513.4 133.1 512.7 125.6 507.4C118.2 502.1 114.5 492.9 115.1 483.9L142.2 328.4L31.11 218.2C24.65 211.9 22.36 202.4 25.2 193.7C28.03 185.1 35.5 178.8 44.49 177.5L197.7 154.8L266.3 13.52C270.4 5.249 278.7 0 287.9 0L287.9 0zM287.9 78.95L235.4 187.2C231.9 194.3 225.1 199.3 217.3 200.5L98.98 217.9L184.9 303C190.4 308.5 192.9 316.4 191.6 324.1L171.4 443.7L276.6 387.5C283.7 383.7 292.2 383.7 299.2 387.5L404.4 443.7L384.2 324.1C382.9 316.4 385.5 308.5 391 303L476.9 217.9L358.6 200.5C350.7 199.3 343.9 194.3 340.5 187.2L287.9 78.95z"
              fill="currentColor"
            />
          </svg>
        </div>
        <div>
          <svg
            aria-hidden="true"
            class="svg-inline--fa fa-star fa-lg icon_icon__111gfxw0 getSprinkles_color_accent_text_lowContrast__1jganc91g getSprinkles_flexShrink_0__1jganc93c"
            data-icon="star"
            data-prefix="far"
            focusable="false"
            role="img"
            viewBox="0 0 576 512"
            xmlns="http://www.w3.org/2000/svg"
          >
            <path
              d="M287.9 0C297.1 0 305.5 5.25 309.5 13.52L378.1 154.8L531.4 177.5C540.4 178.8 547.8 185.1 550.7 193.7C553.5 202.4 551.2 211.9 544.8 218.2L433.6 328.4L459.9 483.9C461.4 492.9 457.7 502.1 450.2 507.4C442.8 512.7 432.1 513.4 424.9 509.1L287.9 435.9L150.1 509.1C142.9 513.4 133.1 512.7 125.6 507.4C118.2 502.1 114.5 492.9 115.1 483.9L142.2 328.4L31.11 218.2C24.65 211.9 22.36 202.4 25.2 193.7C28.03 185.1 35.5 178.8 44.49 177.5L197.7 154.8L266.3 13.52C270.4 5.249 278.7 0 287.9 0L287.9 0zM287.9 78.95L235.4 187.2C231.9 194.3 225.1 199.3 217.3 200.5L98.98 217.9L184.9 303C190.4 308.5 192.9 316.4 191.6 324.1L171.4 443.7L276.6 387.5C283.7 383.7 292.2 383.7 299.2 387.5L404.4 443.7L384.2 324.1C382.9 316.4 385.5 308.5 391 303L476.9 217.9L358.6 200.5C350.7 199.3 343.9 194.3 340.5 187.2L287.9 78.95z"
              fill="currentColor"
            />
          </svg>
        </div>
      </div>
    </div>
  </div>
  <div
    class="Card_cardStyle__1s7cia51 Card__1s7cia50 getSprinkles_padding_spacing2__1jganc94v getSprinkles_display_block_mobile__1jganc9aw getSprinkles_isolation_isolate__1jganc93j getSprinkles_textDecoration_none__1jganc9ap getSprinkles_background_neutral_secondary_base__1jganc9y getSprinkles_border_neutral_border_interactive__1jganc92g getSprinkles_borderRadius_md__1jganc92a focus_ring_styles_focusedStateStyle__1vv8g8r0"
  >
    <header>
      <div
        class="getSprinkles_fontSize_body_lg_mobile__1jganc9c5 getSprinkles_fontWeight_medium__1jganc93f"
      >
        Kennan Kyne
         (
        kkynea@census.gov
        )
      </div>
      <div
        class="getSprinkles_color_neutral_text_lowContrast__1jganc91u getSprinkles_fontSize_body_sm_mobile__1jganc9cb getSprinkles_fontWeight_medium__1jganc93f"
      >
        15/11/2022, 12:35:11
      </div>
    </header>
    <p>
      Suspendisse potenti. In eleifend quam a odio. In hac habitasse platea dictumst.
    </p>
    <hr />
    <div
      class="getSprinkles_display_flex_mobile__1jganc9az getSprinkles_alignItems_center__1jganc92 getSprinkles_justifyContent_space-between__1jganc944"
    >
      <div
        class="getSprinkles_display_flex_mobile__1jganc9az"
      >
        <div>
          <svg
            aria-hidden="true"
            class="svg-inline--fa fa-star fa-lg icon_icon__111gfxw0 getSprinkles_color_accent_text_lowContrast__1jganc91g getSprinkles_flexShrink_0__1jganc93c"
            data-icon="star"
            data-prefix="fas"
            focusable="false"
            role="img"
            viewBox="0 0 576 512"
            xmlns="http://www.w3.org/2000/svg"
          >
            <path
              d="M316.9 18C311.6 7 300.4 0 288.1 0s-23.4 7-28.8 18L195 150.3 51.4 171.5c-12 1.8-22 10.2-25.7 21.7s-.7 24.2 7.9 32.7L137.8 329 113.2 474.7c-2 12 3 24.2 12.9 31.3s23 8 33.8 2.3l128.3-68.5 128.3 68.5c10.8 5.7 23.9 4.9 33.8-2.3s14.9-19.3 12.9-31.3L438.5 329 542.7 225.9c8.6-8.5 11.7-21.2 7.9-32.7s-13.7-19.9-25.7-21.7L381.2 150.3 316.9 18z"
              fill="currentColor"
            />
          </svg>
        </div>
        <div>
          <svg
            aria-hidden="true"
            class="svg-inline--fa fa-star fa-lg icon_icon__111gfxw0 getSprinkles_color_accent_text_lowContrast__1jganc91g getSprinkles_flexShrink_0__1jganc93c"
            data-icon="star"
            data-prefix="far"
            focusable="false"
            role="img"
            viewBox="0 0 576 512"
            xmlns="http://www.w3.org/2000/svg"
          >
            <path
              d="M287.9 0C297.1 0 305.5 5.25 309.5 13.52L378.1 154.8L531.4 177.5C540.4 178.8 547.8 185.1 550.7 193.7C553.5 202.4 551.2 211.9 544.8 218.2L433.6 328.4L459.9 483.9C461.4 492.9 457.7 502.1 450.2 507.4C442.8 512.7 432.1 513.4 424.9 509.1L287.9 435.9L150.1 509.1C142.9 513.4 133.1 512.7 125.6 507.4C118.2 502.1 114.5 492.9 115.1 483.9L142.2 328.4L31.11 218.2C24.65 211.9 22.36 202.4 25.2 193.7C28.03 185.1 35.5 178.8 44.49 177.5L197.7 154.8L266.3 13.52C270.4 5.249 278.7 0 287.9 0L287.9 0zM287.9 78.95L235.4 187.2C231.9 194.3 225.1 199.3 217.3 200.5L98.98 217.9L184.9 303C190.4 308.5 192.9 316.4 191.6 324.1L171.4 443.7L276.6 387.5C283.7 383.7 292.2 383.7 299.2 387.5L404.4 443.7L384.2 324.1C382.9 316.4 385.5 308.5 391 303L476.9 217.9L358.6 200.5C350.7 199.3 343.9 194.3 340.5 187.2L287.9 78.95z"
              fill="currentColor"
            />
          </svg>
        </div>
        <div>
          <svg
            aria-hidden="true"
            class="svg-inline--fa fa-star fa-lg icon_icon__111gfxw0 getSprinkles_color_accent_text_lowContrast__1jganc91g getSprinkles_flexShrink_0__1jganc93c"
            data-icon="star"
            data-prefix="far"
            focusable="false"
            role="img"
            viewBox="0 0 576 512"
            xmlns="http://www.w3.org/2000/svg"
          >
            <path
              d="M287.9 0C297.1 0 305.5 5.25 309.5 13.52L378.1 154.8L531.4 177.5C540.4 178.8 547.8 185.1 550.7 193.7C553.5 202.4 551.2 211.9 544.8 218.2L433.6 328.4L459.9 483.9C461.4 492.9 457.7 502.1 450.2 507.4C442.8 512.7 432.1 513.4 424.9 509.1L287.9 435.9L150.1 509.1C142.9 513.4 133.1 512.7 125.6 507.4C118.2 502.1 114.5 492.9 115.1 483.9L142.2 328.4L31.11 218.2C24.65 211.9 22.36 202.4 25.2 193.7C28.03 185.1 35.5 178.8 44.49 177.5L197.7 154.8L266.3 13.52C270.4 5.249 278.7 0 287.9 0L287.9 0zM287.9 78.95L235.4 187.2C231.9 194.3 225.1 199.3 217.3 200.5L98.98 217.9L184.9 303C190.4 308.5 192.9 316.4 191.6 324.1L171.4 443.7L276.6 387.5C283.7 383.7 292.2 383.7 299.2 387.5L404.4 443.7L384.2 324.1C382.9 316.4 385.5 308.5 391 303L476.9 217.9L358.6 200.5C350.7 199.3 343.9 194.3 340.5 187.2L287.9 78.95z"
              fill="currentColor"
            />
          </svg>
        </div>
        <div>
          <svg
            aria-hidden="true"
            class="svg-inline--fa fa-star fa-lg icon_icon__111gfxw0 getSprinkles_color_accent_text_lowContrast__1jganc91g getSprinkles_flexShrink_0__1jganc93c"
            data-icon="star"
            data-prefix="far"
            focusable="false"
            role="img"
            viewBox="0 0 576 512"
            xmlns="http://www.w3.org/2000/svg"
          >
            <path
              d="M287.9 0C297.1 0 305.5 5.25 309.5 13.52L378.1 154.8L531.4 177.5C540.4 178.8 547.8 185.1 550.7 193.7C553.5 202.4 551.2 211.9 544.8 218.2L433.6 328.4L459.9 483.9C461.4 492.9 457.7 502.1 450.2 507.4C442.8 512.7 432.1 513.4 424.9 509.1L287.9 435.9L150.1 509.1C142.9 513.4 133.1 512.7 125.6 507.4C118.2 502.1 114.5 492.9 115.1 483.9L142.2 328.4L31.11 218.2C24.65 211.9 22.36 202.4 25.2 193.7C28.03 185.1 35.5 178.8 44.49 177.5L197.7 154.8L266.3 13.52C270.4 5.249 278.7 0 287.9 0L287.9 0zM287.9 78.95L235.4 187.2C231.9 194.3 225.1 199.3 217.3 200.5L98.98 217.9L184.9 303C190.4 308.5 192.9 316.4 191.6 324.1L171.4 443.7L276.6 387.5C283.7 383.7 292.2 383.7 299.2 387.5L404.4 443.7L384.2 324.1C382.9 316.4 385.5 308.5 391 303L476.9 217.9L358.6 200.5C350.7 199.3 343.9 194.3 340.5 187.2L287.9 78.95z"
              fill="currentColor"
            />
          </svg>
        </div>
        <div>
          <svg
            aria-hidden="true"
            class="svg-inline--fa fa-star fa-lg icon_icon__111gfxw0 getSprinkles_color_accent_text_lowContrast__1jganc91g getSprinkles_flexShrink_0__1jganc93c"
            data-icon="star"
            data-prefix="far"
            focusable="false"
            role="img"
            viewBox="0 0 576 512"
            xmlns="http://www.w3.org/2000/svg"
          >
            <path
              d="M287.9 0C297.1 0 305.5 5.25 309.5 13.52L378.1 154.8L531.4 177.5C540.4 178.8 547.8 185.1 550.7 193.7C553.5 202.4 551.2 211.9 544.8 218.2L433.6 328.4L459.9 483.9C461.4 492.9 457.7 502.1 450.2 507.4C442.8 512.7 432.1 513.4 424.9 509.1L287.9 435.9L150.1 509.1C142.9 513.4 133.1 512.7 125.6 507.4C118.2 502.1 114.5 492.9 115.1 483.9L142.2 328.4L31.11 218.2C24.65 211.9 22.36 202.4 25.2 193.7C28.03 185.1 35.5 178.8 44.49 177.5L197.7 154.8L266.3 13.52C270.4 5.249 278.7 0 287.9 0L287.9 0zM287.9 78.95L235.4 187.2C231.9 194.3 225.1 199.3 217.3 200.5L98.98 217.9L184.9 303C190.4 308.5 192.9 316.4 191.6 324.1L171.4 443.7L276.6 387.5C283.7 383.7 292.2 383.7 299.2 387.5L404.4 443.7L384.2 324.1C382.9 316.4 385.5 308.5 391 303L476.9 217.9L358.6 200.5C350.7 199.3 343.9 194.3 340.5 187.2L287.9 78.95z"
              fill="currentColor"
            />
          </svg>
        </div>
      </div>
    </div>
  </div>
</div>
`;
