// Jest Snapshot v1, https://goo.gl/fbAQLP

exports[`Renders without error 1`] = `
<div
  class="getSprinkles_position_relative__1jganc9ag"
  data-testid="tested-component"
>
  <button
    aria-activedescendant=""
    aria-controls="downshift-0-menu"
    aria-expanded="false"
    aria-haspopup="listbox"
    aria-labelledby="downshift-0-label downshift-0-toggle-button"
    class="button.theme_buttonTheme__1a9lj020 Button_getButtonStyles__1lclbjh1 focus_ring_styles_focusedStateStyle__1vv8g8r0 disabled_state_styles_disabledStateStyles__5jo1bk0 Button__1lclbjh0 getSprinkles_borderRadius_md__1jganc92a getSprinkles_display_flex_mobile__1jganc9ax getSprinkles_gap_spacing0__1jganc93t getSprinkles_alignItems_center__1jganc92 getSprinkles_textDecoration_none__1jganc9an Button_getButtonStyles_appearance_select__1lclbjh4 variantButtonAppearance_variantButtonAppearance_select__gh61hw6 variantButtonAppearance__gh61hw2 getSprinkles_paddingLeft_spacing1__1jganc99g getSprinkles_paddingRight_spacing1__1jganc99v getSprinkles_alignItems_center__1jganc92 getSprinkles_background_neutral_background_base__1jganc9p getSprinkles_border_neutral_border_interactive__1jganc92g getSprinkles_borderRadius_md__1jganc92a getSprinkles_color_neutral_text_lowContrast__1jganc91u getSprinkles_display_flex_mobile__1jganc9ax getSprinkles_overflow_hidden__1jganc98p getSprinkles_width_100%_mobile__1jganc9f9 Button_getButtonStyles_size_md__1lclbjha variant_interactive_element_size_variantInteractiveElementSize_md__t3r2od7 variant_interactive_element_size__t3r2od1 getSprinkles_fontSize_body_lg_mobile__1jganc9c3 getSprinkles_fontSize_body_md_desktop__1jganc9c8 getSprinkles_lineHeight_body_lg_mobile__1jganc9cx getSprinkles_lineHeight_body_md_desktop__1jganc9d2 getSprinkles_height_spacing5_mobile__1jganc9ir getSprinkles_height_spacing4_desktop__1jganc9iq getSprinkles_width_100%_mobile__1jganc9f9 getSprinkles_justifyContent_space-between__1jganc944"
    id="test-dropdown"
    name="test-dropdown"
    role="combobox"
    tabindex="0"
    type="button"
  >
    foo
    <div>
      <svg
        aria-hidden="true"

        class="svg-inline--fa fa-angle-down icon_icon__111gfxw0 Button__1lclbjhf getSprinkles_flexShrink_0__1jganc93c"

        data-icon="angle-down"
        data-prefix="fas"
        focusable="false"
        role="img"
        viewBox="0 0 448 512"
        xmlns="http://www.w3.org/2000/svg"
      >
        <path
          d="M201.4 374.6c12.5 12.5 32.8 12.5 45.3 0l160-160c12.5-12.5 12.5-32.8 0-45.3s-32.8-12.5-45.3 0L224 306.7 86.6 169.4c-12.5-12.5-32.8-12.5-45.3 0s-12.5 32.8 0 45.3l160 160z"
          fill="currentColor"
        />
      </svg>
    </div>
  </button>
  <div
    aria-labelledby="downshift-0-label"
    class="DropdownMenu_dropdownMenu__1ubprtm1 focus_ring_styles_focusedStateStyle__1vv8g8r0 DropdownMenu__1ubprtm0 getSprinkles_marginTop_spacing1__1jganc96i getSprinkles_width_max-content_mobile__1jganc9fo getSprinkles_minWidth_100%__1jganc97m getSprinkles_maxWidth_gridSpan3__1jganc97b getSprinkles_display_block_mobile__1jganc9au getSprinkles_margin_none__1jganc94d getSprinkles_borderRadius_sm__1jganc92b getSprinkles_overflow_hidden__1jganc98p getSprinkles_background_neutral_background_raised__1jganc9q getSprinkles_boxShadow_sm__1jganc9a getSprinkles_border_neutral_border_interactive__1jganc92g getSprinkles_overflowY_auto__1jganc98q DropdownMenu_dropdownMenuClosed__1ubprtm4"
    id="downshift-0-menu"
    role="listbox"
    tabindex="-1"
  >
    <div
      class="DropdownMenu_dropdownListInner__1ubprtm3 DropdownMenu__1ubprtm2"
    >
      <span
        aria-selected="false"
        class="DropdownListItem_getDropdownListItemStyles__mbnr2x1 DropdownListItem__mbnr2x0 getSprinkles_paddingLeft_spacing1__1jganc99g getSprinkles_paddingRight_spacing1__1jganc99v getSprinkles_display_flex_mobile__1jganc9ax getSprinkles_alignItems_center__1jganc92 getSprinkles_textDecoration_none__1jganc9an getSprinkles_width_100%_mobile__1jganc9f9 getSprinkles_textAlign_left__1jganc9ak getSprinkles_color_neutral_text_highContrast__1jganc91v getSprinkles_whiteSpace_nowrap__1jganc9ar getSprinkles_margin_none__1jganc94d getSprinkles_gap_spacing0__1jganc93t focus_ring_styles_focusedStateStyle__1vv8g8r0 disabled_state_styles_disabledStateStyles__5jo1bk0 DropdownListItem_getDropdownListItemStyles_size_md__mbnr2x3 variant_interactive_element_size_variantInteractiveElementSize_md__t3r2od7 variant_interactive_element_size__t3r2od1 getSprinkles_fontSize_body_lg_mobile__1jganc9c3 getSprinkles_fontSize_body_md_desktop__1jganc9c8 getSprinkles_lineHeight_body_lg_mobile__1jganc9cx getSprinkles_lineHeight_body_md_desktop__1jganc9d2 getSprinkles_height_spacing5_mobile__1jganc9ir getSprinkles_height_spacing4_desktop__1jganc9iq DropdownListItem_isSelected__mbnr2x9"
        id="downshift-0-item-0"
        role="option"
      >
        foo
      </span>
      <span
        aria-selected="false"
        class="DropdownListItem_getDropdownListItemStyles__mbnr2x1 DropdownListItem__mbnr2x0 getSprinkles_paddingLeft_spacing1__1jganc99g getSprinkles_paddingRight_spacing1__1jganc99v getSprinkles_display_flex_mobile__1jganc9ax getSprinkles_alignItems_center__1jganc92 getSprinkles_textDecoration_none__1jganc9an getSprinkles_width_100%_mobile__1jganc9f9 getSprinkles_textAlign_left__1jganc9ak getSprinkles_color_neutral_text_highContrast__1jganc91v getSprinkles_whiteSpace_nowrap__1jganc9ar getSprinkles_margin_none__1jganc94d getSprinkles_gap_spacing0__1jganc93t focus_ring_styles_focusedStateStyle__1vv8g8r0 disabled_state_styles_disabledStateStyles__5jo1bk0 DropdownListItem_getDropdownListItemStyles_size_md__mbnr2x3 variant_interactive_element_size_variantInteractiveElementSize_md__t3r2od7 variant_interactive_element_size__t3r2od1 getSprinkles_fontSize_body_lg_mobile__1jganc9c3 getSprinkles_fontSize_body_md_desktop__1jganc9c8 getSprinkles_lineHeight_body_lg_mobile__1jganc9cx getSprinkles_lineHeight_body_md_desktop__1jganc9d2 getSprinkles_height_spacing5_mobile__1jganc9ir getSprinkles_height_spacing4_desktop__1jganc9iq"
        id="downshift-0-item-1"
        role="option"
      >
        bar
      </span>
      <span
        aria-selected="false"
        class="DropdownListItem_getDropdownListItemStyles__mbnr2x1 DropdownListItem__mbnr2x0 getSprinkles_paddingLeft_spacing1__1jganc99g getSprinkles_paddingRight_spacing1__1jganc99v getSprinkles_display_flex_mobile__1jganc9ax getSprinkles_alignItems_center__1jganc92 getSprinkles_textDecoration_none__1jganc9an getSprinkles_width_100%_mobile__1jganc9f9 getSprinkles_textAlign_left__1jganc9ak getSprinkles_color_neutral_text_highContrast__1jganc91v getSprinkles_whiteSpace_nowrap__1jganc9ar getSprinkles_margin_none__1jganc94d getSprinkles_gap_spacing0__1jganc93t focus_ring_styles_focusedStateStyle__1vv8g8r0 disabled_state_styles_disabledStateStyles__5jo1bk0 DropdownListItem_getDropdownListItemStyles_size_md__mbnr2x3 variant_interactive_element_size_variantInteractiveElementSize_md__t3r2od7 variant_interactive_element_size__t3r2od1 getSprinkles_fontSize_body_lg_mobile__1jganc9c3 getSprinkles_fontSize_body_md_desktop__1jganc9c8 getSprinkles_lineHeight_body_lg_mobile__1jganc9cx getSprinkles_lineHeight_body_md_desktop__1jganc9d2 getSprinkles_height_spacing5_mobile__1jganc9ir getSprinkles_height_spacing4_desktop__1jganc9iq"
        id="downshift-0-item-2"
        role="option"
      >
        bob
      </span>
      <span
        aria-selected="false"
        class="DropdownListItem_getDropdownListItemStyles__mbnr2x1 DropdownListItem__mbnr2x0 getSprinkles_paddingLeft_spacing1__1jganc99g getSprinkles_paddingRight_spacing1__1jganc99v getSprinkles_display_flex_mobile__1jganc9ax getSprinkles_alignItems_center__1jganc92 getSprinkles_textDecoration_none__1jganc9an getSprinkles_width_100%_mobile__1jganc9f9 getSprinkles_textAlign_left__1jganc9ak getSprinkles_color_neutral_text_highContrast__1jganc91v getSprinkles_whiteSpace_nowrap__1jganc9ar getSprinkles_margin_none__1jganc94d getSprinkles_gap_spacing0__1jganc93t focus_ring_styles_focusedStateStyle__1vv8g8r0 disabled_state_styles_disabledStateStyles__5jo1bk0 DropdownListItem_getDropdownListItemStyles_size_md__mbnr2x3 variant_interactive_element_size_variantInteractiveElementSize_md__t3r2od7 variant_interactive_element_size__t3r2od1 getSprinkles_fontSize_body_lg_mobile__1jganc9c3 getSprinkles_fontSize_body_md_desktop__1jganc9c8 getSprinkles_lineHeight_body_lg_mobile__1jganc9cx getSprinkles_lineHeight_body_md_desktop__1jganc9d2 getSprinkles_height_spacing5_mobile__1jganc9ir getSprinkles_height_spacing4_desktop__1jganc9iq"
        id="downshift-0-item-3"
        role="option"
      >
        alice
      </span>
    </div>
  </div>
</div>
`;
